Built array B:
86364 2853 78043 67895 4507 50875 609157 

Calculation time = 1.2e-05
