10 was directed to GP
11 was directed to dentist
Педиатр Пересвет hills 10's stomach
Хирург Максим hills 11's tooth
9 was directed to GP
8 was directed to GP
7 was directed to dentist
2 was directed to dentist
1 was directed to GP
0 was directed to surgeon
12 was directed to GP
6 was directed to surgeon
5 was directed to surgeon
4 was directed to GP
3 was directed to surgeon
14 was directed to surgeon
13 was directed to dentist
15 was directed to dentist
16 was directed to GP
17 was directed to dentist
11 was directed to dentist
2 was directed to surgeon
Педиатр Пересвет hills 9's stomach
9 was directed to dentist
8 was directed to dentist
10 was directed to GP
7 was directed to surgeon
1 was directed to surgeon
0 was directed to GP
12 was directed to dentist
4 was directed to surgeon
6 was directed to GP
5 was directed to dentist
3 was directed to GP
13 was directed to GP
14 was directed to GP
15 was directed to GP
11 was directed to surgeon
Хирург Максим hills 7's tooth
8 was directed to GP
Педиатр Пересвет hills 8's stomach
Хирург Максим hills 0's leg
Хирург Максим hills 2's tooth
10 was directed to GP
Педиатр Пересвет hills 1's stomach
7 was directed to GP
8 was directed to dentist
9 was directed to surgeon
Хирург Максим hills 6's leg
Педиатр Пересвет hills 12's stomach
11 was directed to surgeon
Хирург Максим hills 5's leg
Педиатр Пересвет hills 4's stomach
10 was directed to surgeon
8 was directed to surgeon
9 was directed to GP
Хирург Максим hills 3's leg
Хирург Максим hills 13's tooth
10 was directed to GP
Хирург Максим hills 14's leg
9 was directed to surgeon
7 was directed to GP
1 was directed to GP
Педиатр Пересвет hills 16's stomach
Хирург Максим hills 15's tooth
7 was directed to surgeon
Хирург Максим hills 17's tooth
2 was directed to GP
