Built array B:
2 4 6 8 10 12 1 3 5 7 9 11 

Calculation time = 1.1e-05
