0 was directed to GP
4 was directed to surgeon
5 was directed to GP
6 was directed to surgeon
7 was directed to surgeon
8 was directed to surgeon
9 was directed to GP
10 was directed to GP
11 was directed to dentist
12 was directed to surgeon
13 was directed to GP
17 was directed to GP
18 was directed to GP
19 was directed to GP
20 was directed to dentist
21 was directed to surgeon
22 was directed to surgeon
3 was directed to surgeon
2 was directed to dentist
1 was directed to dentist
23 was directed to GP
25 was directed to GP
24 was directed to surgeon
26 was directed to GP
27 was directed to dentist
28 was directed to GP
29 was directed to surgeon
30 was directed to surgeon
31 was directed to dentist
33 was directed to dentist
Педиатр Пересвет hills 0's stomach
Хирург Максим hills 4's leg
34 was directed to GP
32 was directed to GP
Педиатр Пересвет hills 5's stomach
63 was directed to GP
88 was directed to surgeon
Хирург Максим hills 6's leg
Хирург Максим hills 7's leg
84 was directed to GP
18 was directed to GP
Хирург Максим hills 8's leg
Педиатр Пересвет hills 9's stomach
38 was directed to surgeon
11 was directed to GP
Педиатр Пересвет hills 10's stomach
11 was directed to surgeon
Хирург Максим hills 11's tooth
26 was directed to GP
Хирург Максим hills 12's leg
44 was directed to GP
6 was directed to surgeon
Педиатр Пересвет hills 13's stomach
6 was directed to surgeon
Педиатр Пересвет hills 17's stomach
74 was directed to GP
Педиатр Пересвет hills 18's stomach
74 was directed to dentist
Хирург Максим hills 20's tooth
Хирург Максим hills 21's leg
32 was directed to dentist
